[INFO] [launch]: All log files can be found below /home/hu/.ros/log/2026-10-03-21-14-36-008582-hyf-583581
[INFO] [launch]: Default logging verbosity is set to INFO
[INFO] [xacro-1]: process started with pid [583643]
[INFO] [parameter_bridge-2]: process started with pid [583644]
[INFO] [create-3]: process started with pid [583645]
[INFO] [gz-4]: process started with pid [583646]
[INFO] [robot_state_publisher-5]: process started with pid [583647]
[INFO] [component_container_isolated-6]: process started with pid [583648]
[INFO] [nav2_bringup_gate-7]: process started with pid [583649]
[INFO] [episode_manager-8]: process started with pid [583650]
[INFO] [episode_reset-9]: process started with pid [583651]
[INFO] [eacr_localization_loop-10]: process started with pid [583652]
[INFO] [fault_injector-11]: process started with pid [583653]
[INFO] [phase2_episode_runner-12]: process started with pid [583654]
[robot_state_publisher-5] [INFO] [1791033276.638870309] [robot_state_publisher]: Robot initialized
[create-3] [INFO] [1791033276.649526382] [ros_gz_sim]: Requesting list of world names.
[INFO] [xacro-1]: process has finished cleanly [pid 583643]
[component_container_isolated-6] [INFO] [1791033276.814930516] [nav2_container]: Load Library: /opt/ros/jazzy/lib/libmap_server_core.so
[component_container_isolated-6] [INFO] [1791033276.830039853] [nav2_container]: Found class: rclcpp_components::NodeFactoryTemplate<nav2_map_server::CostmapFilterInfoServer>
[component_container_isolated-6] [INFO] [1791033276.830087143] [nav2_container]: Found class: rclcpp_components::NodeFactoryTemplate<nav2_map_server::MapSaver>
[component_container_isolated-6] [INFO] [1791033276.830091453] [nav2_container]: Found class: rclcpp_components::NodeFactoryTemplate<nav2_map_server::MapServer>
[component_container_isolated-6] [INFO] [1791033276.830095373] [nav2_container]: Instantiate class: rclcpp_components::NodeFactoryTemplate<nav2_map_server::MapServer>
[component_container_isolated-6] [INFO] [1791033276.838643200] [map_server]: 
[component_container_isolated-6] 	map_server lifecycle node launched. 
[INFO] [launch_ros.actions.load_composable_nodes]: Loaded node '/map_server' in container '/nav2_container'
[component_container_isolated-6] 	Waiting on external lifecycle transitions to activate
[component_container_isolated-6] 	See https://design.ros2.org/articles/node_lifecycle.html for more information.
[component_container_isolated-6] [INFO] [1791033276.838676750] [map_server]: Creating
[component_container_isolated-6] [INFO] [1791033276.838990621] [nav2_container]: Load Library: /opt/ros/jazzy/lib/libamcl_core.so
[component_container_isolated-6] [INFO] [1791033276.842338241] [nav2_container]: Found class: rclcpp_components::NodeFactoryTemplate<nav2_amcl::AmclNode>
[component_container_isolated-6] [INFO] [1791033276.842364622] [nav2_container]: Instantiate class: rclcpp_components::NodeFactoryTemplate<nav2_amcl::AmclNode>
[component_container_isolated-6] [INFO] [1791033276.848236890] [amcl]: 
[component_container_isolated-6] 	amcl lifecycle node launched. 
[component_container_isolated-6] 	Waiting on external lifecycle transitions to activate
[component_container_isolated-6] 	See https://design.ros2.org/articles/node_lifecycle.html for more information.
[component_container_isolated-6] [INFO] [1791033276.848485590] [amcl]: Creating
[component_container_isolated-6] [INFO] [1791033276.849202563] [nav2_container]: Load Library: /opt/ros/jazzy/lib/libcontroller_server_core.so
[INFO] [launch_ros.actions.load_composable_nodes]: Loaded node '/amcl' in container '/nav2_container'
[component_container_isolated-6] [INFO] [1791033276.851769191] [nav2_container]: Found class: rclcpp_components::NodeFactoryTemplate<nav2_controller::ControllerServer>
[component_container_isolated-6] [INFO] [1791033276.851793651] [nav2_container]: Instantiate class: rclcpp_components::NodeFactoryTemplate<nav2_controller::ControllerServer>
[component_container_isolated-6] [INFO] [1791033276.860601468] [controller_server]: 
[component_container_isolated-6] 	controller_server lifecycle node launched. 
[component_container_isolated-6] 	Waiting on external lifecycle transitions to activate
[component_container_isolated-6] 	See https://design.ros2.org/articles/node_lifecycle.html for more information.
[component_container_isolated-6] [INFO] [1791033276.862827605] [controller_server]: Creating controller server
[component_container_isolated-6] [INFO] [1791033276.874569381] [local_costmap.local_costmap]: 
[component_container_isolated-6] 	local_costmap lifecycle node launched. 
[component_container_isolated-6] 	Waiting on external lifecycle transitions to activate
[component_container_isolated-6] 	See https://design.ros2.org/articles/node_lifecycle.html for more information.
[component_container_isolated-6] [INFO] [1791033276.874878102] [local_costmap.local_costmap]: Creating Costmap
[component_container_isolated-6] [INFO] [1791033276.875861926] [nav2_container]: Load Library: /opt/ros/jazzy/lib/libnav2_lifecycle_manager_core.so
[INFO] [launch_ros.actions.load_composable_nodes]: Loaded node '/controller_server' in container '/nav2_container'
[component_container_isolated-6] [INFO] [1791033276.876523988] [nav2_container]: Found class: rclcpp_components::NodeFactoryTemplate<nav2_lifecycle_manager::LifecycleManager>
[component_container_isolated-6] [INFO] [1791033276.876533588] [nav2_container]: Instantiate class: rclcpp_components::NodeFactoryTemplate<nav2_lifecycle_manager::LifecycleManager>
[component_container_isolated-6] [INFO] [1791033276.886884320] [lifecycle_manager_localization]: Creating
[component_container_isolated-6] [INFO] [1791033276.890298890] [nav2_container]: Load Library: /opt/ros/jazzy/lib/libsmoother_server_core.so
[component_container_isolated-6] [INFO] [1791033276.890304110] [lifecycle_manager_localization]: [34m[1mCreating and initializing lifecycle service clients[0m[0m
[component_container_isolated-6] [INFO] [1791033276.891591484] [nav2_container]: Found class: rclcpp_components::NodeFactoryTemplate<nav2_smoother::SmootherServer>
[component_container_isolated-6] [INFO] [1791033276.891602774] [nav2_container]: Instantiate class: rclcpp_components::NodeFactoryTemplate<nav2_smoother::SmootherServer>
[INFO] [launch_ros.actions.load_composable_nodes]: Loaded node '/lifecycle_manager_localization' in container '/nav2_container'
[component_container_isolated-6] [INFO] [1791033276.911308336] [smoother_server]: 
[component_container_isolated-6] 	smoother_server lifecycle node launched. 
[component_container_isolated-6] 	Waiting on external lifecycle transitions to activate
[component_container_isolated-6] 	See https://design.ros2.org/articles/node_lifecycle.html for more information.
[component_container_isolated-6] [INFO] [1791033276.912440439] [smoother_server]: Creating smoother server
[INFO] [launch_ros.actions.load_composable_nodes]: Loaded node '/smoother_server' in container '/nav2_container'
[component_container_isolated-6] [INFO] [1791033276.914287915] [nav2_container]: Load Library: /opt/ros/jazzy/lib/libplanner_server_core.so
[component_container_isolated-6] [INFO] [1791033276.915081737] [nav2_container]: Found class: rclcpp_components::NodeFactoryTemplate<nav2_planner::PlannerServer>
[component_container_isolated-6] [INFO] [1791033276.915097287] [nav2_container]: Instantiate class: rclcpp_components::NodeFactoryTemplate<nav2_planner::PlannerServer>
[component_container_isolated-6] [INFO] [1791033276.927020004] [planner_server]: 
[component_container_isolated-6] 	planner_server lifecycle node launched. 
[component_container_isolated-6] 	Waiting on external lifecycle transitions to activate
[component_container_isolated-6] 	See https://design.ros2.org/articles/node_lifecycle.html for more information.
[component_container_isolated-6] [INFO] [1791033276.928252298] [planner_server]: Creating
[episode_reset-9] [INFO] [1791033276.933374624] [episode_reset]: Episode reset ready: call /reset_episode to restore the deterministic start pose.
[component_container_isolated-6] [INFO] [1791033276.938774501] [global_costmap.global_costmap]: 
[component_container_isolated-6] 	global_costmap lifecycle node launched. 
[component_container_isolated-6] 	Waiting on external lifecycle transitions to activate
[component_container_isolated-6] 	See https://design.ros2.org/articles/node_lifecycle.html for more information.
[component_container_isolated-6] [INFO] [1791033276.939017312] [global_costmap.global_costmap]: Creating Costmap
[INFO] [launch_ros.actions.load_composable_nodes]: Loaded node '/planner_server' in container '/nav2_container'
[component_container_isolated-6] [INFO] [1791033276.940917678] [nav2_container]: Load Library: /opt/ros/jazzy/lib/libroute_server_core.so
[component_container_isolated-6] [INFO] [1791033276.942000941] [nav2_container]: Found class: rclcpp_components::NodeFactoryTemplate<nav2_route::RouteServer>
[component_container_isolated-6] [INFO] [1791033276.942011631] [nav2_container]: Instantiate class: rclcpp_components::NodeFactoryTemplate<nav2_route::RouteServer>
[fault_injector-11] [INFO] [1791033276.944599339] [fault_injector]: Fault injector ready: localization, costmap, planner, control inject/rollback pairs.
[component_container_isolated-6] [INFO] [1791033276.950374827] [route_server]: 
[component_container_isolated-6] 	route_server lifecycle node launched. 
[INFO] [launch_ros.actions.load_composable_nodes]: Loaded node '/route_server' in container '/nav2_container'
[component_container_isolated-6] 	Waiting on external lifecycle transitions to activate
[component_container_isolated-6] 	See https://design.ros2.org/articles/node_lifecycle.html for more information.
[component_container_isolated-6] [INFO] [1791033276.951599511] [nav2_container]: Load Library: /opt/ros/jazzy/lib/libbehavior_server_core.so
[component_container_isolated-6] [INFO] [1791033276.952362503] [nav2_container]: Found class: rclcpp_components::NodeFactoryTemplate<behavior_server::BehaviorServer>
[component_container_isolated-6] [INFO] [1791033276.952379083] [nav2_container]: Instantiate class: rclcpp_components::NodeFactoryTemplate<behavior_server::BehaviorServer>
[eacr_localization_loop-10] [INFO] [1791033276.954941421] [eacr_localization_loop]: EACR localization loop ready: /inject_amcl_fault and /run_eacr_localization_episode
[phase2_episode_runner-12] [INFO] [1791033276.957685570] [phase2_episode_runner]: Phase-two episode runner ready: /run_phase2_fault_matrix
[component_container_isolated-6] [INFO] [1791033276.959703036] [behavior_server]: 
[component_container_isolated-6] 	behavior_server lifecycle node launched. 
[component_container_isolated-6] 	Waiting on external lifecycle transitions to activate
[component_container_isolated-6] 	See https://design.ros2.org/articles/node_lifecycle.html for more information.
[INFO] [launch_ros.actions.load_composable_nodes]: Loaded node '/behavior_server' in container '/nav2_container'
[component_container_isolated-6] [INFO] [1791033276.962091993] [nav2_container]: Load Library: /opt/ros/jazzy/lib/libbt_navigator_core.so
[component_container_isolated-6] [INFO] [1791033276.964381231] [nav2_container]: Found class: rclcpp_components::NodeFactoryTemplate<nav2_bt_navigator::BtNavigator>
[component_container_isolated-6] [INFO] [1791033276.964396881] [nav2_container]: Instantiate class: rclcpp_components::NodeFactoryTemplate<nav2_bt_navigator::BtNavigator>
[component_container_isolated-6] [INFO] [1791033276.973458279] [bt_navigator]: 
[component_container_isolated-6] 	bt_navigator lifecycle node launched. 
[component_container_isolated-6] 	Waiting on external lifecycle transitions to activate
[component_container_isolated-6] 	See https://design.ros2.org/articles/node_lifecycle.html for more information.
[component_container_isolated-6] [INFO] [1791033276.974295071] [bt_navigator]: Creating
[INFO] [launch_ros.actions.load_composable_nodes]: Loaded node '/bt_navigator' in container '/nav2_container'
[component_container_isolated-6] [INFO] [1791033276.975415585] [nav2_container]: Load Library: /opt/ros/jazzy/lib/libwaypoint_follower_core.so
[component_container_isolated-6] [INFO] [1791033276.976387858] [nav2_container]: Found class: rclcpp_components::NodeFactoryTemplate<nav2_waypoint_follower::WaypointFollower>
[component_container_isolated-6] [INFO] [1791033276.976406528] [nav2_container]: Instantiate class: rclcpp_components::NodeFactoryTemplate<nav2_waypoint_follower::WaypointFollower>
[component_container_isolated-6] [INFO] [1791033276.984460663] [waypoint_follower]: 
[component_container_isolated-6] 	waypoint_follower lifecycle node launched. 
[component_container_isolated-6] 	Waiting on external lifecycle transitions to activate
[component_container_isolated-6] 	See https://design.ros2.org/articles/node_lifecycle.html for more information.
[component_container_isolated-6] [INFO] [1791033276.984695114] [waypoint_follower]: Creating
[INFO] [launch_ros.actions.load_composable_nodes]: Loaded node '/waypoint_follower' in container '/nav2_container'
[component_container_isolated-6] [INFO] [1791033276.985829107] [nav2_container]: Load Library: /opt/ros/jazzy/lib/libvelocity_smoother_core.so
[component_container_isolated-6] [INFO] [1791033276.986534499] [nav2_container]: Found class: rclcpp_components::NodeFactoryTemplate<nav2_velocity_smoother::VelocitySmoother>
[component_container_isolated-6] [INFO] [1791033276.986546839] [nav2_container]: Instantiate class: rclcpp_components::NodeFactoryTemplate<nav2_velocity_smoother::VelocitySmoother>
[component_container_isolated-6] [INFO] [1791033276.993790422] [velocity_smoother]: 
[INFO] [launch_ros.actions.load_composable_nodes]: Loaded node '/velocity_smoother' in container '/nav2_container'
[component_container_isolated-6] 	velocity_smoother lifecycle node launched. 
[component_container_isolated-6] 	Waiting on external lifecycle transitions to activate
[component_container_isolated-6] 	See https://design.ros2.org/articles/node_lifecycle.html for more information.
[nav2_bringup_gate-7] [INFO] [1791033276.993960622] [nav2_bringup_gate]: Nav2 bringup gate waiting for simulator odometry.
[component_container_isolated-6] [INFO] [1791033276.994888665] [nav2_container]: Load Library: /opt/ros/jazzy/lib/libcollision_monitor_core.so
[component_container_isolated-6] [INFO] [1791033276.996831931] [nav2_container]: Found class: rclcpp_components::NodeFactoryTemplate<nav2_collision_monitor::CollisionMonitor>
[component_container_isolated-6] [INFO] [1791033276.996857771] [nav2_container]: Instantiate class: rclcpp_components::NodeFactoryTemplate<nav2_collision_monitor::CollisionMonitor>
[component_container_isolated-6] [INFO] [1791033277.004117664] [collision_monitor]: 
[INFO] [launch_ros.actions.load_composable_nodes]: Loaded node '/collision_monitor' in container '/nav2_container'
[component_container_isolated-6] 	collision_monitor lifecycle node launched. 
[component_container_isolated-6] 	Waiting on external lifecycle transitions to activate
[component_container_isolated-6] 	See https://design.ros2.org/articles/node_lifecycle.html for more information.
[component_container_isolated-6] [INFO] [1791033277.005322158] [nav2_container]: Load Library: /opt/ros/jazzy/lib/libopennav_docking_core.so
[component_container_isolated-6] [INFO] [1791033277.006333021] [nav2_container]: Found class: rclcpp_components::NodeFactoryTemplate<opennav_docking::DockingServer>
[component_container_isolated-6] [INFO] [1791033277.006343581] [nav2_container]: Instantiate class: rclcpp_components::NodeFactoryTemplate<opennav_docking::DockingServer>
[component_container_isolated-6] [INFO] [1791033277.014438106] [docking_server]: 
[component_container_isolated-6] 	docking_server lifecycle node launched. 
[component_container_isolated-6] 	Waiting on external lifecycle transitions to activate
[component_container_isolated-6] 	See https://design.ros2.org/articles/node_lifecycle.html for more information.
[component_container_isolated-6] [INFO] [1791033277.014464356] [docking_server]: Creating docking_server
[INFO] [launch_ros.actions.load_composable_nodes]: Loaded node '/docking_server' in container '/nav2_container'
[component_container_isolated-6] [INFO] [1791033277.015697360] [nav2_container]: Found class: rclcpp_components::NodeFactoryTemplate<nav2_lifecycle_manager::LifecycleManager>
[component_container_isolated-6] [INFO] [1791033277.015708350] [nav2_container]: Instantiate class: rclcpp_components::NodeFactoryTemplate<nav2_lifecycle_manager::LifecycleManager>
[component_container_isolated-6] [INFO] [1791033277.021673409] [lifecycle_manager_navigation]: Creating
[INFO] [launch_ros.actions.load_composable_nodes]: Loaded node '/lifecycle_manager_navigation' in container '/nav2_container'
[component_container_isolated-6] [INFO] [1791033277.022823962] [lifecycle_manager_navigation]: [34m[1mCreating and initializing lifecycle service clients[0m[0m
[episode_manager-8] [INFO] [1791033277.087628584] [episode_manager]: Episode manager started; publishing deterministic AMCL initial pose.
[create-3] [INFO] [1791033277.131599721] [ros_gz_sim]: Entity creation successful.
[INFO] [create-3]: process has finished cleanly [pid 583645]
[parameter_bridge-2] [INFO] [1791033277.663767306] [ros_gz_bridge]: Creating GZ->ROS Bridge: [/clock (gz.msgs.Clock) -> /clock (rosgraph_msgs/msg/Clock)] (Lazy 0)
[parameter_bridge-2] [INFO] [1791033277.664696959] [ros_gz_bridge]: Creating GZ->ROS Bridge: [/joint_states (gz.msgs.Model) -> joint_states (sensor_msgs/msg/JointState)] (Lazy 0)
[parameter_bridge-2] [INFO] [1791033277.666704305] [ros_gz_bridge]: Creating GZ->ROS Bridge: [/odom (gz.msgs.Odometry) -> odom (nav_msgs/msg/Odometry)] (Lazy 0)
[parameter_bridge-2] [INFO] [1791033277.667930569] [ros_gz_bridge]: Creating GZ->ROS Bridge: [/tf (gz.msgs.Pose_V) -> tf (tf2_msgs/msg/TFMessage)] (Lazy 0)
[parameter_bridge-2] [INFO] [1791033277.668980432] [ros_gz_bridge]: Creating GZ->ROS Bridge: [/imu (gz.msgs.IMU) -> imu (sensor_msgs/msg/Imu)] (Lazy 0)
[parameter_bridge-2] [INFO] [1791033277.669446684] [ros_gz_bridge]: Creating GZ->ROS Bridge: [/scan (gz.msgs.LaserScan) -> scan (sensor_msgs/msg/LaserScan)] (Lazy 0)
[parameter_bridge-2] [INFO] [1791033277.669894695] [ros_gz_bridge]: Creating ROS->GZ Bridge: [cmd_vel (geometry_msgs/msg/Twist) -> /cmd_vel (gz.msgs.Twist)] (Lazy 0)
[gz-4] [1;33mWarning [Utils.cc:132][0m [/sdf/model[@name="turtlebot3_waffle"]/link[@name="imu_link"]/sensor[@name="tb3_imu"]/gz_frame_id:<data-string>:L49]: XML Element[gz_frame_id], child of element[sensor], not defined in SDF. Copying[gz_frame_id] as children of [sensor].
[gz-4] [1;33mWarning [Utils.cc:132][0m [/sdf/model[@name="turtlebot3_waffle"]/link[@name="base_scan"]/sensor[@name="hls_lfcd_lds"]/gz_frame_id:<data-string>:L134]: XML Element[gz_frame_id], child of element[sensor], not defined in SDF. Copying[gz_frame_id] as children of [sensor].
[gz-4] [1;33mWarning [Utils.cc:132][0m [/sdf/model[@name="turtlebot3_waffle"]/link[@name="camera_link"]/sensor[@name="intel_realsense_r200_depth"]/gz_frame_id:<data-string>:L361]: XML Element[gz_frame_id], child of element[sensor], not defined in SDF. Copying[gz_frame_id] as children of [sensor].
[gz-4] Stack trace (most recent call last) in thread 584074:
[gz-4] #8    Object "[0xffffffffffffffff]", at 0xffffffffffffffff, in 
[gz-4] #7    Object "/lib/x86_64-linux-gnu/libc.so.6", at 0x7cdaae329ecb, in 
[gz-4] #6    Object "/lib/x86_64-linux-gnu/libc.so.6", at 0x7cdaae29cb83, in 
[gz-4] #5    Object "/opt/ros/jazzy/opt/gz_ogre_next_vendor/lib/libOgreNextMain.so.2.3.3", at 0x7cda779f3a29, in 
[gz-4] #4    Object "/opt/ros/jazzy/opt/gz_ogre_next_vendor/lib/libOgreNextMain.so.2.3.3", at 0x7cda77a06a0f, in Ogre::TextureGpuManager::_updateStreamingWorkerThread(Ogre::ThreadHandle*)
[gz-4] #3    Object "/opt/ros/jazzy/opt/gz_ogre_next_vendor/lib/libOgreNextMain.so.2.3.3", at 0x7cda77a0659f, in Ogre::TextureGpuManager::_updateStreaming()
[gz-4] #2    Object "/opt/ros/jazzy/opt/gz_ogre_next_vendor/lib/libOgreNextMain.so.2.3.3", at 0x7cda77a052df, in Ogre::TextureGpuManager::processLoadRequest(Ogre::ObjCmdBuffer*, Ogre::TextureGpuManager::ThreadData&, Ogre::TextureGpuManager::LoadRequest const&)
[gz-4] #1    Object "/opt/ros/jazzy/opt/gz_ogre_next_vendor/lib/libOgreNextMain.so.2.3.3", at 0x7cda77a04809, in Ogre::TextureGpuManager::processQueuedImage(Ogre::TextureGpuManager::QueuedImage&, Ogre::TextureGpuManager::ThreadData&, Ogre::TextureGpuManager::StreamingData&)
[gz-4] #0    Object "/lib/x86_64-linux-gnu/libc.so.6", at 0x7cdaae3a197f, in 
[gz-4] Bus error (Nonexisting physical address [0x7cd988000040])
[ERROR] [gz-4]: process has died [pid 583646, exit code -7, cmd 'gz sim -r -s /tmp/nav2_9spy65tl.sdf'].
